{https://t.co/Ane8aQZouc}
{RT @mookdong1309: [แปล] Jackson's weibo มีคำพูดที่บอกว่า เวลาที่มีความสุขมักจะผ่านไปเร็วเสมอ...(ต่อ) -1- #Jackson https://t.co/qHjfYBboLP}
{this never happened to me lol. that's wild  https://t.co/yRewuckDrV}
{RT @TheOrder28: https://t.co/PclPeOTW3T}
{【連載マンガ】「鮫島、最後の十五日」を読みました！|人気マンガが無料で読める！LINEマンガ|今スグ読む→ https://t.co/qHNVWs9hCD #LINEマンガ}
{Den RT Viernes 30 #sancaparatodos @SancadillaNorte   Malbaratado   Se lo he escuchado muchas veces (cont) https://t.co/4Nk1wdaNuW}
{A new way to support local businesses owned by minorities, meet Zysk. https://t.co/hZmkSCJWlt https://t.co/lWGGja4Ugv}
{RT @nadaalahrrrby: قمرنا ضااووي♡♡ فرجونا اقماركم.... https://t.co/WWbWTExBca”}
{▶ https://t.co/CePLMf9CTT ←← #bokep #kontol #penis Ulla Minda Indonesia Dance Company Gelar Pementasan We Dance}
{RT @colinjones: A story in two screengrabs https://t.co/F1cfj8QDJ0}
{#MTVHottest Selena Gomez https://t.co/xk4GKQ7Lk6}
{💘 https://t.co/t7bI7lXf7M}
{Lmao I legit watched this so long waiting for something to happen 😂😂 https://t.co/bzMah9aV6V}
{This treadmill changes everything!  https://t.co/hYbpblx2UD https://t.co/CIrBF7a9lh #fitness #cardio #treadmill… https://t.co/6OmzqHi37S}
{RT @mickyc_2091: Que tal https://t.co/2JKZLozz7l}
